Archive member included because of file (symbol)

c:/winavr-20100110/bin/../lib/gcc/avr/4.3.3/avr5\libgcc.a(_mulsi3.o)
                              ./FreeRTOS/FreeRTOS/Src/integer.o (__mulsi3)
c:/winavr-20100110/bin/../lib/gcc/avr/4.3.3/avr5\libgcc.a(_udivmodsi4.o)
                              ./USART_RS232_C_file.o (__udivmodsi4)
c:/winavr-20100110/bin/../lib/gcc/avr/4.3.3/avr5\libgcc.a(_divmodsi4.o)
                              ./FreeRTOS/FreeRTOS/Src/integer.o (__divmodsi4)
c:/winavr-20100110/bin/../lib/gcc/avr/4.3.3/avr5\libgcc.a(_exit.o)
                              c:/winavr-20100110/bin/../lib/gcc/avr/4.3.3/../../../../avr/lib/avr5/crtm32.o (exit)
c:/winavr-20100110/bin/../lib/gcc/avr/4.3.3/avr5\libgcc.a(_copy_data.o)
                              ./FreeRTOS/FreeRTOS/Src/PollQ.o (__do_copy_data)
c:/winavr-20100110/bin/../lib/gcc/avr/4.3.3/avr5\libgcc.a(_clear_bss.o)
                              ./FreeRTOS/FreeRTOS/Src/PollQ.o (__do_clear_bss)
c:/winavr-20100110/bin/../lib/gcc/avr/4.3.3/avr5\libgcc.a(_fixunssfsi.o)
                              ./SmartHome.o (__fixunssfsi)
c:/winavr-20100110/bin/../lib/gcc/avr/4.3.3/avr5\libgcc.a(_addsub_sf.o)
                              c:/winavr-20100110/bin/../lib/gcc/avr/4.3.3/avr5\libgcc.a(_fixunssfsi.o) (__subsf3)
c:/winavr-20100110/bin/../lib/gcc/avr/4.3.3/avr5\libgcc.a(_mul_sf.o)
                              ./SmartHome.o (__mulsf3)
c:/winavr-20100110/bin/../lib/gcc/avr/4.3.3/avr5\libgcc.a(_gt_sf.o)
                              ./SmartHome.o (__gtsf2)
c:/winavr-20100110/bin/../lib/gcc/avr/4.3.3/avr5\libgcc.a(_ge_sf.o)
                              c:/winavr-20100110/bin/../lib/gcc/avr/4.3.3/avr5\libgcc.a(_fixunssfsi.o) (__gesf2)
c:/winavr-20100110/bin/../lib/gcc/avr/4.3.3/avr5\libgcc.a(_lt_sf.o)
                              ./SmartHome.o (__ltsf2)
c:/winavr-20100110/bin/../lib/gcc/avr/4.3.3/avr5\libgcc.a(_sf_to_si.o)
                              c:/winavr-20100110/bin/../lib/gcc/avr/4.3.3/avr5\libgcc.a(_fixunssfsi.o) (__fixsfsi)
c:/winavr-20100110/bin/../lib/gcc/avr/4.3.3/avr5\libgcc.a(_thenan_sf.o)
                              c:/winavr-20100110/bin/../lib/gcc/avr/4.3.3/avr5\libgcc.a(_addsub_sf.o) (__thenan_sf)
c:/winavr-20100110/bin/../lib/gcc/avr/4.3.3/avr5\libgcc.a(_prologue.o)
                              c:/winavr-20100110/bin/../lib/gcc/avr/4.3.3/avr5\libgcc.a(_addsub_sf.o) (__prologue_saves__)
c:/winavr-20100110/bin/../lib/gcc/avr/4.3.3/avr5\libgcc.a(_epilogue.o)
                              c:/winavr-20100110/bin/../lib/gcc/avr/4.3.3/avr5\libgcc.a(_addsub_sf.o) (__epilogue_restores__)
c:/winavr-20100110/bin/../lib/gcc/avr/4.3.3/avr5\libgcc.a(_pack_sf.o)
                              c:/winavr-20100110/bin/../lib/gcc/avr/4.3.3/avr5\libgcc.a(_addsub_sf.o) (__pack_f)
c:/winavr-20100110/bin/../lib/gcc/avr/4.3.3/avr5\libgcc.a(_unpack_sf.o)
                              c:/winavr-20100110/bin/../lib/gcc/avr/4.3.3/avr5\libgcc.a(_addsub_sf.o) (__unpack_f)
c:/winavr-20100110/bin/../lib/gcc/avr/4.3.3/avr5\libgcc.a(_fpcmp_parts_sf.o)
                              c:/winavr-20100110/bin/../lib/gcc/avr/4.3.3/avr5\libgcc.a(_gt_sf.o) (__fpcmp_parts_f)
c:/winavr-20100110/bin/../lib/gcc/avr/4.3.3/../../../../avr/lib/avr5\libc.a(memcpy.o)
                              ./FreeRTOS/FreeRTOS/Src/queue.o (memcpy)
c:/winavr-20100110/bin/../lib/gcc/avr/4.3.3/../../../../avr/lib/avr5\libc.a(strcmp.o)
                              ./SmartHome.o (strcmp)

Allocating common symbols
Common symbol       size              file

bsRes               0x2               ./main.o

Memory Configuration

Name             Origin             Length             Attributes
text             0x00000000         0x00020000         xr
data             0x00800060         0x0000ffa0         rw !x
eeprom           0x00810000         0x00010000         rw !x
fuse             0x00820000         0x00000400         rw !x
lock             0x00830000         0x00000400         rw !x
signature        0x00840000         0x00000400         rw !x
*default*        0x00000000         0xffffffff

Linker script and memory map

LOAD c:/winavr-20100110/bin/../lib/gcc/avr/4.3.3/../../../../avr/lib/avr5/crtm32.o
LOAD ./FreeRTOS/FreeRTOS/Src/PollQ.o
LOAD ./FreeRTOS/FreeRTOS/Src/croutine.o
LOAD ./FreeRTOS/FreeRTOS/Src/event_groups.o
LOAD ./FreeRTOS/FreeRTOS/Src/heap_1.o
LOAD ./FreeRTOS/FreeRTOS/Src/integer.o
LOAD ./FreeRTOS/FreeRTOS/Src/list.o
LOAD ./FreeRTOS/FreeRTOS/Src/port.o
LOAD ./FreeRTOS/FreeRTOS/Src/queue.o
LOAD ./FreeRTOS/FreeRTOS/Src/tasks.o
LOAD ./SmartHome.o
LOAD ./USART_RS232_C_file.o
LOAD ./main.o
LOAD ./uart.o
LOAD c:/winavr-20100110/bin/../lib/gcc/avr/4.3.3/avr5\libgcc.a
LOAD c:/winavr-20100110/bin/../lib/gcc/avr/4.3.3/../../../../avr/lib/avr5\libc.a
LOAD c:/winavr-20100110/bin/../lib/gcc/avr/4.3.3/avr5\libgcc.a

.hash
 *(.hash)

.dynsym
 *(.dynsym)

.dynstr
 *(.dynstr)

.gnu.version
 *(.gnu.version)

.gnu.version_d
 *(.gnu.version_d)

.gnu.version_r
 *(.gnu.version_r)

.rel.init
 *(.rel.init)

.rela.init
 *(.rela.init)

.rel.text
 *(.rel.text)
 *(.rel.text.*)
 *(.rel.gnu.linkonce.t*)

.rela.text
 *(.rela.text)
 *(.rela.text.*)
 *(.rela.gnu.linkonce.t*)

.rel.fini
 *(.rel.fini)

.rela.fini
 *(.rela.fini)

.rel.rodata
 *(.rel.rodata)
 *(.rel.rodata.*)
 *(.rel.gnu.linkonce.r*)

.rela.rodata
 *(.rela.rodata)
 *(.rela.rodata.*)
 *(.rela.gnu.linkonce.r*)

.rel.data
 *(.rel.data)
 *(.rel.data.*)
 *(.rel.gnu.linkonce.d*)

.rela.data
 *(.rela.data)
 *(.rela.data.*)
 *(.rela.gnu.linkonce.d*)

.rel.ctors
 *(.rel.ctors)

.rela.ctors
 *(.rela.ctors)

.rel.dtors
 *(.rel.dtors)

.rela.dtors
 *(.rela.dtors)

.rel.got
 *(.rel.got)

.rela.got
 *(.rela.got)

.rel.bss
 *(.rel.bss)

.rela.bss
 *(.rela.bss)

.rel.plt
 *(.rel.plt)

.rela.plt
 *(.rela.plt)

.text           0x00000000     0x5dac
 *(.vectors)
 .vectors       0x00000000       0x54 c:/winavr-20100110/bin/../lib/gcc/avr/4.3.3/../../../../avr/lib/avr5/crtm32.o
                0x00000000                __vectors
                0x00000000                __vector_default
 *(.vectors)
 *(.progmem.gcc*)
 *(.progmem*)
                0x00000054                . = ALIGN (0x2)
                0x00000054                __trampolines_start = .
 *(.trampolines)
 .trampolines   0x00000054        0x0 linker stubs
 *(.trampolines*)
                0x00000054                __trampolines_end = .
 *(.jumptables)
 *(.jumptables*)
 *(.lowtext)
 *(.lowtext*)
                0x00000054                __ctors_start = .
 *(.ctors)
                0x00000054                __ctors_end = .
                0x00000054                __dtors_start = .
 *(.dtors)
                0x00000054                __dtors_end = .
 SORT(*)(.ctors)
 SORT(*)(.dtors)
 *(.init0)
 .init0         0x00000054        0x0 c:/winavr-20100110/bin/../lib/gcc/avr/4.3.3/../../../../avr/lib/avr5/crtm32.o
                0x00000054                __init
 *(.init0)
 *(.init1)
 *(.init1)
 *(.init2)
 .init2         0x00000054        0xc c:/winavr-20100110/bin/../lib/gcc/avr/4.3.3/../../../../avr/lib/avr5/crtm32.o
 *(.init2)
 *(.init3)
 *(.init3)
 *(.init4)
 .init4         0x00000060       0x16 c:/winavr-20100110/bin/../lib/gcc/avr/4.3.3/avr5\libgcc.a(_copy_data.o)
                0x00000060                __do_copy_data
 .init4         0x00000076       0x10 c:/winavr-20100110/bin/../lib/gcc/avr/4.3.3/avr5\libgcc.a(_clear_bss.o)
                0x00000076                __do_clear_bss
 *(.init4)
 *(.init5)
 *(.init5)
 *(.init6)
 *(.init6)
 *(.init7)
 *(.init7)
 *(.init8)
 *(.init8)
 *(.init9)
 .init9         0x00000086        0x8 c:/winavr-20100110/bin/../lib/gcc/avr/4.3.3/../../../../avr/lib/avr5/crtm32.o
 *(.init9)
 *(.text)
 .text          0x0000008e        0x4 c:/winavr-20100110/bin/../lib/gcc/avr/4.3.3/../../../../avr/lib/avr5/crtm32.o
                0x0000008e                __vector_1
                0x0000008e                __vector_12
                0x0000008e                __bad_interrupt
                0x0000008e                __vector_6
                0x0000008e                __vector_3
                0x0000008e                __vector_11
                0x0000008e                __vector_13
                0x0000008e                __vector_17
                0x0000008e                __vector_19
                0x0000008e                __vector_5
                0x0000008e                __vector_4
                0x0000008e                __vector_9
                0x0000008e                __vector_2
                0x0000008e                __vector_15
                0x0000008e                __vector_8
                0x0000008e                __vector_14
                0x0000008e                __vector_10
                0x0000008e                __vector_16
                0x0000008e                __vector_18
                0x0000008e                __vector_20
 .text          0x00000092        0x0 ./FreeRTOS/FreeRTOS/Src/PollQ.o
 .text          0x00000092        0x0 ./FreeRTOS/FreeRTOS/Src/croutine.o
 .text          0x00000092        0x0 ./FreeRTOS/FreeRTOS/Src/event_groups.o
 .text          0x00000092        0x0 ./FreeRTOS/FreeRTOS/Src/heap_1.o
 .text          0x00000092        0x0 ./FreeRTOS/FreeRTOS/Src/integer.o
 .text          0x00000092        0x0 ./FreeRTOS/FreeRTOS/Src/list.o
 .text          0x00000092        0x0 ./FreeRTOS/FreeRTOS/Src/port.o
 .text          0x00000092        0x0 ./FreeRTOS/FreeRTOS/Src/queue.o
 .text          0x00000092        0x0 ./FreeRTOS/FreeRTOS/Src/tasks.o
 .text          0x00000092        0x0 ./SmartHome.o
 .text          0x00000092        0x0 ./USART_RS232_C_file.o
 .text          0x00000092        0x0 ./main.o
 .text          0x00000092        0x0 ./uart.o
 .text          0x00000092        0x0 c:/winavr-20100110/bin/../lib/gcc/avr/4.3.3/avr5\libgcc.a(_mulsi3.o)
 .text          0x00000092        0x0 c:/winavr-20100110/bin/../lib/gcc/avr/4.3.3/avr5\libgcc.a(_udivmodsi4.o)
 .text          0x00000092        0x0 c:/winavr-20100110/bin/../lib/gcc/avr/4.3.3/avr5\libgcc.a(_divmodsi4.o)
 .text          0x00000092        0x0 c:/winavr-20100110/bin/../lib/gcc/avr/4.3.3/avr5\libgcc.a(_exit.o)
 .text          0x00000092        0x0 c:/winavr-20100110/bin/../lib/gcc/avr/4.3.3/avr5\libgcc.a(_copy_data.o)
 .text          0x00000092        0x0 c:/winavr-20100110/bin/../lib/gcc/avr/4.3.3/avr5\libgcc.a(_clear_bss.o)
 .text          0x00000092       0x58 c:/winavr-20100110/bin/../lib/gcc/avr/4.3.3/avr5\libgcc.a(_fixunssfsi.o)
                0x00000092                __fixunssfsi
 .text          0x000000ea      0x354 c:/winavr-20100110/bin/../lib/gcc/avr/4.3.3/avr5\libgcc.a(_addsub_sf.o)
                0x00000382                __subsf3
                0x000003e4                __addsf3
 .text          0x0000043e      0x1f4 c:/winavr-20100110/bin/../lib/gcc/avr/4.3.3/avr5\libgcc.a(_mul_sf.o)
                0x0000043e                __mulsf3
 .text          0x00000632       0x60 c:/winavr-20100110/bin/../lib/gcc/avr/4.3.3/avr5\libgcc.a(_gt_sf.o)
                0x00000632                __gtsf2
 .text          0x00000692       0x60 c:/winavr-20100110/bin/../lib/gcc/avr/4.3.3/avr5\libgcc.a(_ge_sf.o)
                0x00000692                __gesf2
 .text          0x000006f2       0x60 c:/winavr-20100110/bin/../lib/gcc/avr/4.3.3/avr5\libgcc.a(_lt_sf.o)
                0x000006f2                __ltsf2
 .text          0x00000752       0xa8 c:/winavr-20100110/bin/../lib/gcc/avr/4.3.3/avr5\libgcc.a(_sf_to_si.o)
                0x00000752                __fixsfsi
 .text          0x000007fa        0x0 c:/winavr-20100110/bin/../lib/gcc/avr/4.3.3/avr5\libgcc.a(_thenan_sf.o)
 .text          0x000007fa        0x0 c:/winavr-20100110/bin/../lib/gcc/avr/4.3.3/avr5\libgcc.a(_prologue.o)
 .text          0x000007fa        0x0 c:/winavr-20100110/bin/../lib/gcc/avr/4.3.3/avr5\libgcc.a(_epilogue.o)
 .text          0x000007fa      0x1aa c:/winavr-20100110/bin/../lib/gcc/avr/4.3.3/avr5\libgcc.a(_pack_sf.o)
                0x000007fa                __pack_f
 .text          0x000009a4       0xf0 c:/winavr-20100110/bin/../lib/gcc/avr/4.3.3/avr5\libgcc.a(_unpack_sf.o)
                0x000009a4                __unpack_f
 .text          0x00000a94       0xb2 c:/winavr-20100110/bin/../lib/gcc/avr/4.3.3/avr5\libgcc.a(_fpcmp_parts_sf.o)
                0x00000a94                __fpcmp_parts_f
 .text          0x00000b46        0x0 c:/winavr-20100110/bin/../lib/gcc/avr/4.3.3/../../../../avr/lib/avr5\libc.a(memcpy.o)
 .text          0x00000b46        0x0 c:/winavr-20100110/bin/../lib/gcc/avr/4.3.3/../../../../avr/lib/avr5\libc.a(strcmp.o)
                0x00000b46                . = ALIGN (0x2)
 *(.text.*)
 .text.vStartPolledQueueTasks
                0x00000b46       0x8e ./FreeRTOS/FreeRTOS/Src/PollQ.o
                0x00000b46                vStartPolledQueueTasks
 .text.vPolledQueueProducer
                0x00000bd4       0x7a ./FreeRTOS/FreeRTOS/Src/PollQ.o
 .text.vPolledQueueConsumer
                0x00000c4e       0x98 ./FreeRTOS/FreeRTOS/Src/PollQ.o
 .text.xArePollingQueuesStillRunning
                0x00000ce6       0x34 ./FreeRTOS/FreeRTOS/Src/PollQ.o
                0x00000ce6                xArePollingQueuesStillRunning
 .text.xCoRoutineCreate
                0x00000d1a      0x128 ./FreeRTOS/FreeRTOS/Src/croutine.o
                0x00000d1a                xCoRoutineCreate
 .text.vCoRoutineAddToDelayedList
                0x00000e42       0xc2 ./FreeRTOS/FreeRTOS/Src/croutine.o
                0x00000e42                vCoRoutineAddToDelayedList
 .text.prvCheckPendingReadyList
                0x00000f04       0x94 ./FreeRTOS/FreeRTOS/Src/croutine.o
 .text.prvCheckDelayedList
                0x00000f98      0x15c ./FreeRTOS/FreeRTOS/Src/croutine.o
 .text.vCoRoutineSchedule
                0x000010f4       0xf4 ./FreeRTOS/FreeRTOS/Src/croutine.o
                0x000010f4                vCoRoutineSchedule
 .text.prvInitialiseCoRoutineLists
                0x000011e8       0x72 ./FreeRTOS/FreeRTOS/Src/croutine.o
 .text.xCoRoutineRemoveFromEventList
                0x0000125a       0x70 ./FreeRTOS/FreeRTOS/Src/croutine.o
                0x0000125a                xCoRoutineRemoveFromEventList
 .text.xEventGroupCreate
                0x000012ca       0x3e ./FreeRTOS/FreeRTOS/Src/event_groups.o
                0x000012ca                xEventGroupCreate
 .text.xEventGroupSync
                0x00001308      0x16e ./FreeRTOS/FreeRTOS/Src/event_groups.o
                0x00001308                xEventGroupSync
 .text.xEventGroupWaitBits
                0x00001476      0x186 ./FreeRTOS/FreeRTOS/Src/event_groups.o
                0x00001476                xEventGroupWaitBits
 .text.xEventGroupClearBits
                0x000015fc       0x6c ./FreeRTOS/FreeRTOS/Src/event_groups.o
                0x000015fc                xEventGroupClearBits
 .text.xEventGroupGetBitsFromISR
                0x00001668       0x44 ./FreeRTOS/FreeRTOS/Src/event_groups.o
                0x00001668                xEventGroupGetBitsFromISR
 .text.xEventGroupSetBits
                0x000016ac      0x164 ./FreeRTOS/FreeRTOS/Src/event_groups.o
                0x000016ac                xEventGroupSetBits
 .text.vEventGroupDelete
                0x00001810       0x62 ./FreeRTOS/FreeRTOS/Src/event_groups.o
                0x00001810                vEventGroupDelete
 .text.vEventGroupSetBitsCallback
                0x00001872       0x3a ./FreeRTOS/FreeRTOS/Src/event_groups.o
                0x00001872                vEventGroupSetBitsCallback
 .text.vEventGroupClearBitsCallback
                0x000018ac       0x3a ./FreeRTOS/FreeRTOS/Src/event_groups.o
                0x000018ac                vEventGroupClearBitsCallback
 .text.prvTestWaitCondition
                0x000018e6       0x64 ./FreeRTOS/FreeRTOS/Src/event_groups.o
 .text.pvPortMalloc
                0x0000194a       0xac ./FreeRTOS/FreeRTOS/Src/heap_1.o
                0x0000194a                pvPortMalloc
 .text.vPortFree
                0x000019f6       0x18 ./FreeRTOS/FreeRTOS/Src/heap_1.o
                0x000019f6                vPortFree
 .text.vPortInitialiseBlocks
                0x00001a0e       0x16 ./FreeRTOS/FreeRTOS/Src/heap_1.o
                0x00001a0e                vPortInitialiseBlocks
 .text.xPortGetFreeHeapSize
                0x00001a24       0x1e ./FreeRTOS/FreeRTOS/Src/heap_1.o
                0x00001a24                xPortGetFreeHeapSize
 .text.vStartIntegerMathTasks
                0x00001a42       0x7c ./FreeRTOS/FreeRTOS/Src/integer.o
                0x00001a42                vStartIntegerMathTasks
 .text.vCompeteingIntMathTask
                0x00001abe       0xd2 ./FreeRTOS/FreeRTOS/Src/integer.o
 .text.xAreIntegerMathsTaskStillRunning
                0x00001b90       0x56 ./FreeRTOS/FreeRTOS/Src/integer.o
                0x00001b90                xAreIntegerMathsTaskStillRunning
 .text.vListInitialise
                0x00001be6       0x54 ./FreeRTOS/FreeRTOS/Src/list.o
                0x00001be6                vListInitialise
 .text.vListInitialiseItem
                0x00001c3a       0x20 ./FreeRTOS/FreeRTOS/Src/list.o
                0x00001c3a                vListInitialiseItem
 .text.vListInsertEnd
                0x00001c5a       0x88 ./FreeRTOS/FreeRTOS/Src/list.o
                0x00001c5a                vListInsertEnd
 .text.vListInsert
                0x00001ce2       0xd8 ./FreeRTOS/FreeRTOS/Src/list.o
                0x00001ce2                vListInsert
 .text.uxListRemove
                0x00001dba       0x98 ./FreeRTOS/FreeRTOS/Src/list.o
                0x00001dba                uxListRemove
 .text.pxPortInitialiseStack
                0x00001e52      0x306 ./FreeRTOS/FreeRTOS/Src/port.o
                0x00001e52                pxPortInitialiseStack
 .text.xPortStartScheduler
                0x00002158       0x6a ./FreeRTOS/FreeRTOS/Src/port.o
                0x00002158                xPortStartScheduler
 .text.vPortEndScheduler
                0x000021c2        0xe ./FreeRTOS/FreeRTOS/Src/port.o
                0x000021c2                vPortEndScheduler
 .text.vPortYield
                0x000021d0       0xb2 ./FreeRTOS/FreeRTOS/Src/port.o
                0x000021d0                vPortYield
 .text.vPortYieldFromTick
                0x00002282       0xba ./FreeRTOS/FreeRTOS/Src/port.o
                0x00002282                vPortYieldFromTick
 .text.prvSetupTimerInterrupt
                0x0000233c       0xb8 ./FreeRTOS/FreeRTOS/Src/port.o
 .text.__vector_7
                0x000023f4        0x6 ./FreeRTOS/FreeRTOS/Src/port.o
                0x000023f4                __vector_7
 .text.xQueueGenericReset
                0x000023fa      0x10c ./FreeRTOS/FreeRTOS/Src/queue.o
                0x000023fa                xQueueGenericReset
 .text.xQueueGenericCreate
                0x00002506       0xba ./FreeRTOS/FreeRTOS/Src/queue.o
                0x00002506                xQueueGenericCreate
 .text.xQueueCreateCountingSemaphore
                0x000025c0       0x40 ./FreeRTOS/FreeRTOS/Src/queue.o
                0x000025c0                xQueueCreateCountingSemaphore
 .text.xQueueGenericSend
                0x00002600      0x158 ./FreeRTOS/FreeRTOS/Src/queue.o
                0x00002600                xQueueGenericSend
 .text.xQueueGenericSendFromISR
                0x00002758       0xc4 ./FreeRTOS/FreeRTOS/Src/queue.o
                0x00002758                xQueueGenericSendFromISR
 .text.xQueueGenericReceive
                0x0000281c      0x188 ./FreeRTOS/FreeRTOS/Src/queue.o
                0x0000281c                xQueueGenericReceive
 .text.xQueueReceiveFromISR
                0x000029a4       0xae ./FreeRTOS/FreeRTOS/Src/queue.o
                0x000029a4                xQueueReceiveFromISR
 .text.xQueuePeekFromISR
                0x00002a52       0x72 ./FreeRTOS/FreeRTOS/Src/queue.o
                0x00002a52                xQueuePeekFromISR
 .text.uxQueueMessagesWaiting
                0x00002ac4       0x30 ./FreeRTOS/FreeRTOS/Src/queue.o
                0x00002ac4                uxQueueMessagesWaiting
 .text.uxQueueSpacesAvailable
                0x00002af4       0x4a ./FreeRTOS/FreeRTOS/Src/queue.o
                0x00002af4                uxQueueSpacesAvailable
 .text.uxQueueMessagesWaitingFromISR
                0x00002b3e       0x26 ./FreeRTOS/FreeRTOS/Src/queue.o
                0x00002b3e                uxQueueMessagesWaitingFromISR
 .text.vQueueDelete
                0x00002b64       0x46 ./FreeRTOS/FreeRTOS/Src/queue.o
                0x00002b64                vQueueDelete
 .text.prvCopyDataToQueue
                0x00002baa      0x14e ./FreeRTOS/FreeRTOS/Src/queue.o
 .text.prvCopyDataFromQueue
                0x00002cf8       0x8e ./FreeRTOS/FreeRTOS/Src/queue.o
 .text.prvUnlockQueue
                0x00002d86       0xa8 ./FreeRTOS/FreeRTOS/Src/queue.o
 .text.prvIsQueueEmpty
                0x00002e2e       0x3a ./FreeRTOS/FreeRTOS/Src/queue.o
 .text.xQueueIsQueueEmptyFromISR
                0x00002e68       0x30 ./FreeRTOS/FreeRTOS/Src/queue.o
                0x00002e68                xQueueIsQueueEmptyFromISR
 .text.prvIsQueueFull
                0x00002e98       0x40 ./FreeRTOS/FreeRTOS/Src/queue.o
 .text.xQueueIsQueueFullFromISR
                0x00002ed8       0x36 ./FreeRTOS/FreeRTOS/Src/queue.o
                0x00002ed8                xQueueIsQueueFullFromISR
 .text.xQueueCRSend
                0x00002f0e       0xc2 ./FreeRTOS/FreeRTOS/Src/queue.o
                0x00002f0e                xQueueCRSend
 .text.xQueueCRReceive
                0x00002fd0      0x11c ./FreeRTOS/FreeRTOS/Src/queue.o
                0x00002fd0                xQueueCRReceive
 .text.xQueueCRSendFromISR
                0x000030ec       0x82 ./FreeRTOS/FreeRTOS/Src/queue.o
                0x000030ec                xQueueCRSendFromISR
 .text.xQueueCRReceiveFromISR
                0x0000316e       0xea ./FreeRTOS/FreeRTOS/Src/queue.o
                0x0000316e                xQueueCRReceiveFromISR
 .text.xTaskGenericCreate
                0x00003258      0x1c2 ./FreeRTOS/FreeRTOS/Src/tasks.o
                0x00003258                xTaskGenericCreate
 .text.vTaskDelete
                0x0000341a       0xca ./FreeRTOS/FreeRTOS/Src/tasks.o
                0x0000341a                vTaskDelete
 .text.vTaskDelayUntil
                0x000034e4       0xe8 ./FreeRTOS/FreeRTOS/Src/tasks.o
                0x000034e4                vTaskDelayUntil
 .text.vTaskDelay
                0x000035cc       0x6a ./FreeRTOS/FreeRTOS/Src/tasks.o
                0x000035cc                vTaskDelay
 .text.vTaskStartScheduler
                0x00003636       0x6e ./FreeRTOS/FreeRTOS/Src/tasks.o
                0x00003636                vTaskStartScheduler
 .text.vTaskEndScheduler
                0x000036a4       0x18 ./FreeRTOS/FreeRTOS/Src/tasks.o
                0x000036a4                vTaskEndScheduler
 .text.vTaskSuspendAll
                0x000036bc       0x18 ./FreeRTOS/FreeRTOS/Src/tasks.o
                0x000036bc                vTaskSuspendAll
 .text.xTaskResumeAll
                0x000036d4      0x114 ./FreeRTOS/FreeRTOS/Src/tasks.o
                0x000036d4                xTaskResumeAll
 .text.xTaskGetTickCount
                0x000037e8       0x2e ./FreeRTOS/FreeRTOS/Src/tasks.o
                0x000037e8                xTaskGetTickCount
 .text.xTaskGetTickCountFromISR
                0x00003816       0x2a ./FreeRTOS/FreeRTOS/Src/tasks.o
                0x00003816                xTaskGetTickCountFromISR
 .text.uxTaskGetNumberOfTasks
                0x00003840       0x12 ./FreeRTOS/FreeRTOS/Src/tasks.o
                0x00003840                uxTaskGetNumberOfTasks
 .text.xTaskIncrementTick
                0x00003852      0x1ce ./FreeRTOS/FreeRTOS/Src/tasks.o
                0x00003852                xTaskIncrementTick
 .text.vTaskSwitchContext
                0x00003a20       0xd2 ./FreeRTOS/FreeRTOS/Src/tasks.o
                0x00003a20                vTaskSwitchContext
 .text.vTaskPlaceOnEventList
                0x00003af2       0x6a ./FreeRTOS/FreeRTOS/Src/tasks.o
                0x00003af2                vTaskPlaceOnEventList
 .text.vTaskPlaceOnUnorderedEventList
                0x00003b5c       0x86 ./FreeRTOS/FreeRTOS/Src/tasks.o
                0x00003b5c                vTaskPlaceOnUnorderedEventList
 .text.xTaskRemoveFromEventList
                0x00003be2       0xd6 ./FreeRTOS/FreeRTOS/Src/tasks.o
                0x00003be2                xTaskRemoveFromEventList
 .text.xTaskRemoveFromUnorderedEventList
                0x00003cb8       0xca ./FreeRTOS/FreeRTOS/Src/tasks.o
                0x00003cb8                xTaskRemoveFromUnorderedEventList
 .text.vTaskSetTimeOutState
                0x00003d82       0x32 ./FreeRTOS/FreeRTOS/Src/tasks.o
                0x00003d82                vTaskSetTimeOutState
 .text.xTaskCheckForTimeOut
                0x00003db4       0xc6 ./FreeRTOS/FreeRTOS/Src/tasks.o
                0x00003db4                xTaskCheckForTimeOut
 .text.vTaskMissedYield
                0x00003e7a       0x14 ./FreeRTOS/FreeRTOS/Src/tasks.o
                0x00003e7a                vTaskMissedYield
 .text.prvIdleTask
                0x00003e8e       0x20 ./FreeRTOS/FreeRTOS/Src/tasks.o
 .text.prvInitialiseTCBVariables
                0x00003eae       0xe6 ./FreeRTOS/FreeRTOS/Src/tasks.o
 .text.prvInitialiseTaskLists
                0x00003f94       0x7a ./FreeRTOS/FreeRTOS/Src/tasks.o
 .text.prvCheckTasksWaitingTermination
                0x0000400e       0x7e ./FreeRTOS/FreeRTOS/Src/tasks.o
 .text.prvAddCurrentTaskToDelayedList
                0x0000408c       0x92 ./FreeRTOS/FreeRTOS/Src/tasks.o
 .text.prvAllocateTCBAndStack
                0x0000411e       0x88 ./FreeRTOS/FreeRTOS/Src/tasks.o
 .text.prvDeleteTCB
                0x000041a6       0x2c ./FreeRTOS/FreeRTOS/Src/tasks.o
 .text.prvResetNextTaskUnblockTime
                0x000041d2       0x56 ./FreeRTOS/FreeRTOS/Src/tasks.o
 .text.uxTaskResetEventItemValue
                0x00004228       0x4e ./FreeRTOS/FreeRTOS/Src/tasks.o
                0x00004228                uxTaskResetEventItemValue
 .text.SmartLock_Init
                0x00004276      0x21e ./SmartHome.o
                0x00004276                SmartLock_Init
 .text.CheckLogin
                0x00004494      0xf4c ./SmartHome.o
                0x00004494                CheckLogin
 .text.Alarm    0x000053e0      0x11a ./SmartHome.o
                0x000053e0                Alarm
 .text.SmartLock_Feature
                0x000054fa      0x256 ./SmartHome.o
                0x000054fa                SmartLock_Feature
 .text.USART_Init
                0x00005750       0xe6 ./USART_RS232_C_file.o
                0x00005750                USART_Init
 .text.USART_RxChar
                0x00005836       0x1e ./USART_RS232_C_file.o
                0x00005836                USART_RxChar
 .text.USART_TxChar
                0x00005854       0x2e ./USART_RS232_C_file.o
                0x00005854                USART_TxChar
 .text.USART_Flush
                0x00005882       0x26 ./USART_RS232_C_file.o
                0x00005882                USART_Flush
 .text.USART_SendString
                0x000058a8       0x56 ./USART_RS232_C_file.o
                0x000058a8                USART_SendString
 .text.Usart_ReceiveString_Del
                0x000058fe       0x9c ./USART_RS232_C_file.o
                0x000058fe                Usart_ReceiveString_Del
 .text.main     0x0000599a       0x88 ./main.o
                0x0000599a                main
 .text.T1_Authentication
                0x00005a22       0x70 ./main.o
                0x00005a22                T1_Authentication
 .text.T2_SmartLock
                0x00005a92       0x3e ./main.o
                0x00005a92                T2_SmartLock
 .text.Uart_Init
                0x00005ad0       0x98 ./uart.o
                0x00005ad0                Uart_Init
 .text.Uart_SendByte
                0x00005b68       0x2e ./uart.o
                0x00005b68                Uart_SendByte
 .text.Uart_SendString
                0x00005b96       0x6c ./uart.o
                0x00005b96                Uart_SendString
 .text.Uart_ReceiveByte
                0x00005c02       0x1e ./uart.o
                0x00005c02                Uart_ReceiveByte
 .text.Uart_ReceiveByte_Unblock
                0x00005c20       0x3e ./uart.o
                0x00005c20                Uart_ReceiveByte_Unblock
 .text.libgcc   0x00005c5e       0x3e c:/winavr-20100110/bin/../lib/gcc/avr/4.3.3/avr5\libgcc.a(_mulsi3.o)
                0x00005c5e                __mulsi3
 .text.libgcc   0x00005c9c       0x44 c:/winavr-20100110/bin/../lib/gcc/avr/4.3.3/avr5\libgcc.a(_udivmodsi4.o)
                0x00005c9c                __udivmodsi4
 .text.libgcc   0x00005ce0       0x36 c:/winavr-20100110/bin/../lib/gcc/avr/4.3.3/avr5\libgcc.a(_divmodsi4.o)
                0x00005ce0                __divmodsi4
 .text.libgcc   0x00005d16        0x0 c:/winavr-20100110/bin/../lib/gcc/avr/4.3.3/avr5\libgcc.a(_exit.o)
 .text.libgcc   0x00005d16        0x0 c:/winavr-20100110/bin/../lib/gcc/avr/4.3.3/avr5\libgcc.a(_copy_data.o)
 .text.libgcc   0x00005d16        0x0 c:/winavr-20100110/bin/../lib/gcc/avr/4.3.3/avr5\libgcc.a(_clear_bss.o)
 .text.libgcc   0x00005d16       0x38 c:/winavr-20100110/bin/../lib/gcc/avr/4.3.3/avr5\libgcc.a(_prologue.o)
                0x00005d16                __prologue_saves__
 .text.libgcc   0x00005d4e       0x36 c:/winavr-20100110/bin/../lib/gcc/avr/4.3.3/avr5\libgcc.a(_epilogue.o)
                0x00005d4e                __epilogue_restores__
 .text.avr-libc
                0x00005d84       0x12 c:/winavr-20100110/bin/../lib/gcc/avr/4.3.3/../../../../avr/lib/avr5\libc.a(memcpy.o)
                0x00005d84                memcpy
 .text.avr-libc
                0x00005d96       0x12 c:/winavr-20100110/bin/../lib/gcc/avr/4.3.3/../../../../avr/lib/avr5\libc.a(strcmp.o)
                0x00005d96                strcmp
                0x00005da8                . = ALIGN (0x2)
 *(.fini9)
 .fini9         0x00005da8        0x0 c:/winavr-20100110/bin/../lib/gcc/avr/4.3.3/avr5\libgcc.a(_exit.o)
                0x00005da8                exit
                0x00005da8                _exit
 *(.fini9)
 *(.fini8)
 *(.fini8)
 *(.fini7)
 *(.fini7)
 *(.fini6)
 *(.fini6)
 *(.fini5)
 *(.fini5)
 *(.fini4)
 *(.fini4)
 *(.fini3)
 *(.fini3)
 *(.fini2)
 *(.fini2)
 *(.fini1)
 *(.fini1)
 *(.fini0)
 .fini0         0x00005da8        0x4 c:/winavr-20100110/bin/../lib/gcc/avr/4.3.3/avr5\libgcc.a(_exit.o)
 *(.fini0)
                0x00005dac                _etext = .

.data           0x00800060      0x120 load address 0x00005dac
                0x00800060                PROVIDE (__data_start, .)
 *(.data)
 .data          0x00800060        0x0 c:/winavr-20100110/bin/../lib/gcc/avr/4.3.3/../../../../avr/lib/avr5/crtm32.o
 .data          0x00800060       0x10 ./FreeRTOS/FreeRTOS/Src/PollQ.o
 .data          0x00800070        0x0 ./FreeRTOS/FreeRTOS/Src/croutine.o
 .data          0x00800070        0x0 ./FreeRTOS/FreeRTOS/Src/event_groups.o
 .data          0x00800070        0x0 ./FreeRTOS/FreeRTOS/Src/heap_1.o
 .data          0x00800070        0x8 ./FreeRTOS/FreeRTOS/Src/integer.o
 .data          0x00800078        0x0 ./FreeRTOS/FreeRTOS/Src/list.o
 .data          0x00800078        0x0 ./FreeRTOS/FreeRTOS/Src/port.o
 .data          0x00800078        0x0 ./FreeRTOS/FreeRTOS/Src/queue.o
 .data          0x00800078        0x5 ./FreeRTOS/FreeRTOS/Src/tasks.o
 .data          0x0080007d       0xcc ./SmartHome.o
 .data          0x00800149        0x0 ./USART_RS232_C_file.o
 .data          0x00800149       0x2c ./main.o
 .data          0x00800175        0x0 ./uart.o
 .data          0x00800175        0x0 c:/winavr-20100110/bin/../lib/gcc/avr/4.3.3/avr5\libgcc.a(_mulsi3.o)
 .data          0x00800175        0x0 c:/winavr-20100110/bin/../lib/gcc/avr/4.3.3/avr5\libgcc.a(_udivmodsi4.o)
 .data          0x00800175        0x0 c:/winavr-20100110/bin/../lib/gcc/avr/4.3.3/avr5\libgcc.a(_divmodsi4.o)
 .data          0x00800175        0x0 c:/winavr-20100110/bin/../lib/gcc/avr/4.3.3/avr5\libgcc.a(_exit.o)
 .data          0x00800175        0x0 c:/winavr-20100110/bin/../lib/gcc/avr/4.3.3/avr5\libgcc.a(_copy_data.o)
 .data          0x00800175        0x0 c:/winavr-20100110/bin/../lib/gcc/avr/4.3.3/avr5\libgcc.a(_clear_bss.o)
 .data          0x00800175        0x0 c:/winavr-20100110/bin/../lib/gcc/avr/4.3.3/avr5\libgcc.a(_fixunssfsi.o)
 .data          0x00800175        0x0 c:/winavr-20100110/bin/../lib/gcc/avr/4.3.3/avr5\libgcc.a(_addsub_sf.o)
 .data          0x00800175        0x0 c:/winavr-20100110/bin/../lib/gcc/avr/4.3.3/avr5\libgcc.a(_mul_sf.o)
 .data          0x00800175        0x0 c:/winavr-20100110/bin/../lib/gcc/avr/4.3.3/avr5\libgcc.a(_gt_sf.o)
 .data          0x00800175        0x0 c:/winavr-20100110/bin/../lib/gcc/avr/4.3.3/avr5\libgcc.a(_ge_sf.o)
 .data          0x00800175        0x0 c:/winavr-20100110/bin/../lib/gcc/avr/4.3.3/avr5\libgcc.a(_lt_sf.o)
 .data          0x00800175        0x0 c:/winavr-20100110/bin/../lib/gcc/avr/4.3.3/avr5\libgcc.a(_sf_to_si.o)
 .data          0x00800175        0x8 c:/winavr-20100110/bin/../lib/gcc/avr/4.3.3/avr5\libgcc.a(_thenan_sf.o)
                0x00800175                __thenan_sf
 .data          0x0080017d        0x0 c:/winavr-20100110/bin/../lib/gcc/avr/4.3.3/avr5\libgcc.a(_prologue.o)
 .data          0x0080017d        0x0 c:/winavr-20100110/bin/../lib/gcc/avr/4.3.3/avr5\libgcc.a(_epilogue.o)
 .data          0x0080017d        0x0 c:/winavr-20100110/bin/../lib/gcc/avr/4.3.3/avr5\libgcc.a(_pack_sf.o)
 .data          0x0080017d        0x0 c:/winavr-20100110/bin/../lib/gcc/avr/4.3.3/avr5\libgcc.a(_unpack_sf.o)
 .data          0x0080017d        0x0 c:/winavr-20100110/bin/../lib/gcc/avr/4.3.3/avr5\libgcc.a(_fpcmp_parts_sf.o)
 .data          0x0080017d        0x0 c:/winavr-20100110/bin/../lib/gcc/avr/4.3.3/../../../../avr/lib/avr5\libc.a(memcpy.o)
 .data          0x0080017d        0x0 c:/winavr-20100110/bin/../lib/gcc/avr/4.3.3/../../../../avr/lib/avr5\libc.a(strcmp.o)
 *(.data*)
 .data.xNextTaskUnblockTime
                0x0080017d        0x2 ./FreeRTOS/FreeRTOS/Src/tasks.o
 *(.rodata)
 *(.rodata*)
 *(.gnu.linkonce.d*)
                0x00800180                . = ALIGN (0x2)
 *fill*         0x0080017f        0x1 00
                0x00800180                _edata = .
                0x00800180                PROVIDE (__data_end, .)

.bss            0x00800180      0x67b
                0x00800180                PROVIDE (__bss_start, .)
 *(.bss)
 .bss           0x00800180        0x0 c:/winavr-20100110/bin/../lib/gcc/avr/4.3.3/../../../../avr/lib/avr5/crtm32.o
 .bss           0x00800180        0x0 ./FreeRTOS/FreeRTOS/Src/PollQ.o
 .bss           0x00800180        0x0 ./FreeRTOS/FreeRTOS/Src/croutine.o
 .bss           0x00800180        0x0 ./FreeRTOS/FreeRTOS/Src/event_groups.o
 .bss           0x00800180        0x0 ./FreeRTOS/FreeRTOS/Src/heap_1.o
 .bss           0x00800180        0x0 ./FreeRTOS/FreeRTOS/Src/integer.o
 .bss           0x00800180        0x0 ./FreeRTOS/FreeRTOS/Src/list.o
 .bss           0x00800180        0x0 ./FreeRTOS/FreeRTOS/Src/port.o
 .bss           0x00800180        0x0 ./FreeRTOS/FreeRTOS/Src/queue.o
 .bss           0x00800180        0x0 ./FreeRTOS/FreeRTOS/Src/tasks.o
 .bss           0x00800180        0x0 ./SmartHome.o
 .bss           0x00800180        0x0 ./USART_RS232_C_file.o
 .bss           0x00800180        0x0 ./main.o
 .bss           0x00800180        0x0 ./uart.o
 .bss           0x00800180        0x0 c:/winavr-20100110/bin/../lib/gcc/avr/4.3.3/avr5\libgcc.a(_mulsi3.o)
 .bss           0x00800180        0x0 c:/winavr-20100110/bin/../lib/gcc/avr/4.3.3/avr5\libgcc.a(_udivmodsi4.o)
 .bss           0x00800180        0x0 c:/winavr-20100110/bin/../lib/gcc/avr/4.3.3/avr5\libgcc.a(_divmodsi4.o)
 .bss           0x00800180        0x0 c:/winavr-20100110/bin/../lib/gcc/avr/4.3.3/avr5\libgcc.a(_exit.o)
 .bss           0x00800180        0x0 c:/winavr-20100110/bin/../lib/gcc/avr/4.3.3/avr5\libgcc.a(_copy_data.o)
 .bss           0x00800180        0x0 c:/winavr-20100110/bin/../lib/gcc/avr/4.3.3/avr5\libgcc.a(_clear_bss.o)
 .bss           0x00800180        0x0 c:/winavr-20100110/bin/../lib/gcc/avr/4.3.3/avr5\libgcc.a(_fixunssfsi.o)
 .bss           0x00800180        0x0 c:/winavr-20100110/bin/../lib/gcc/avr/4.3.3/avr5\libgcc.a(_addsub_sf.o)
 .bss           0x00800180        0x0 c:/winavr-20100110/bin/../lib/gcc/avr/4.3.3/avr5\libgcc.a(_mul_sf.o)
 .bss           0x00800180        0x0 c:/winavr-20100110/bin/../lib/gcc/avr/4.3.3/avr5\libgcc.a(_gt_sf.o)
 .bss           0x00800180        0x0 c:/winavr-20100110/bin/../lib/gcc/avr/4.3.3/avr5\libgcc.a(_ge_sf.o)
 .bss           0x00800180        0x0 c:/winavr-20100110/bin/../lib/gcc/avr/4.3.3/avr5\libgcc.a(_lt_sf.o)
 .bss           0x00800180        0x0 c:/winavr-20100110/bin/../lib/gcc/avr/4.3.3/avr5\libgcc.a(_sf_to_si.o)
 .bss           0x00800180        0x0 c:/winavr-20100110/bin/../lib/gcc/avr/4.3.3/avr5\libgcc.a(_thenan_sf.o)
 .bss           0x00800180        0x0 c:/winavr-20100110/bin/../lib/gcc/avr/4.3.3/avr5\libgcc.a(_prologue.o)
 .bss           0x00800180        0x0 c:/winavr-20100110/bin/../lib/gcc/avr/4.3.3/avr5\libgcc.a(_epilogue.o)
 .bss           0x00800180        0x0 c:/winavr-20100110/bin/../lib/gcc/avr/4.3.3/avr5\libgcc.a(_pack_sf.o)
 .bss           0x00800180        0x0 c:/winavr-20100110/bin/../lib/gcc/avr/4.3.3/avr5\libgcc.a(_unpack_sf.o)
 .bss           0x00800180        0x0 c:/winavr-20100110/bin/../lib/gcc/avr/4.3.3/avr5\libgcc.a(_fpcmp_parts_sf.o)
 .bss           0x00800180        0x0 c:/winavr-20100110/bin/../lib/gcc/avr/4.3.3/../../../../avr/lib/avr5\libc.a(memcpy.o)
 .bss           0x00800180        0x0 c:/winavr-20100110/bin/../lib/gcc/avr/4.3.3/../../../../avr/lib/avr5\libc.a(strcmp.o)
 *(.bss*)
 .bss.xPollingConsumerCount
                0x00800180        0x1 ./FreeRTOS/FreeRTOS/Src/PollQ.o
 .bss.xPollingProducerCount
                0x00800181        0x1 ./FreeRTOS/FreeRTOS/Src/PollQ.o
 .bss.xPolledQueue.1653
                0x00800182        0x2 ./FreeRTOS/FreeRTOS/Src/PollQ.o
 .bss.pxCurrentCoRoutine
                0x00800184        0x2 ./FreeRTOS/FreeRTOS/Src/croutine.o
                0x00800184                pxCurrentCoRoutine
 .bss.uxTopCoRoutineReadyPriority
                0x00800186        0x1 ./FreeRTOS/FreeRTOS/Src/croutine.o
 .bss.xCoRoutineTickCount
                0x00800187        0x2 ./FreeRTOS/FreeRTOS/Src/croutine.o
 .bss.xLastTickCount
                0x00800189        0x2 ./FreeRTOS/FreeRTOS/Src/croutine.o
 .bss.xPassedTicks
                0x0080018b        0x2 ./FreeRTOS/FreeRTOS/Src/croutine.o
 .bss.pxReadyCoRoutineLists
                0x0080018d       0x12 ./FreeRTOS/FreeRTOS/Src/croutine.o
 .bss.xDelayedCoRoutineList1
                0x0080019f        0x9 ./FreeRTOS/FreeRTOS/Src/croutine.o
 .bss.xDelayedCoRoutineList2
                0x008001a8        0x9 ./FreeRTOS/FreeRTOS/Src/croutine.o
 .bss.pxDelayedCoRoutineList
                0x008001b1        0x2 ./FreeRTOS/FreeRTOS/Src/croutine.o
 .bss.pxOverflowDelayedCoRoutineList
                0x008001b3        0x2 ./FreeRTOS/FreeRTOS/Src/croutine.o
 .bss.xPendingReadyCoRoutineList
                0x008001b5        0x9 ./FreeRTOS/FreeRTOS/Src/croutine.o
 .bss.xNextFreeByte
                0x008001be        0x2 ./FreeRTOS/FreeRTOS/Src/heap_1.o
 .bss.pucAlignedHeap.1541
                0x008001c0        0x2 ./FreeRTOS/FreeRTOS/Src/heap_1.o
 .bss.ucHeap    0x008001c2      0x5dc ./FreeRTOS/FreeRTOS/Src/heap_1.o
 .bss.xTaskCheck
                0x0080079e        0x1 ./FreeRTOS/FreeRTOS/Src/integer.o
 .bss.pxCurrentTCB
                0x0080079f        0x2 ./FreeRTOS/FreeRTOS/Src/tasks.o
                0x0080079f                pxCurrentTCB
 .bss.uxTasksDeleted
                0x008007a1        0x1 ./FreeRTOS/FreeRTOS/Src/tasks.o
 .bss.uxCurrentNumberOfTasks
                0x008007a2        0x1 ./FreeRTOS/FreeRTOS/Src/tasks.o
 .bss.xTickCount
                0x008007a3        0x2 ./FreeRTOS/FreeRTOS/Src/tasks.o
 .bss.uxTopReadyPriority
                0x008007a5        0x1 ./FreeRTOS/FreeRTOS/Src/tasks.o
 .bss.xSchedulerRunning
                0x008007a6        0x1 ./FreeRTOS/FreeRTOS/Src/tasks.o
 .bss.uxPendedTicks
                0x008007a7        0x1 ./FreeRTOS/FreeRTOS/Src/tasks.o
 .bss.xYieldPending
                0x008007a8        0x1 ./FreeRTOS/FreeRTOS/Src/tasks.o
 .bss.xNumOfOverflows
                0x008007a9        0x1 ./FreeRTOS/FreeRTOS/Src/tasks.o
 .bss.uxTaskNumber
                0x008007aa        0x1 ./FreeRTOS/FreeRTOS/Src/tasks.o
 .bss.uxSchedulerSuspended
                0x008007ab        0x1 ./FreeRTOS/FreeRTOS/Src/tasks.o
 .bss.pxReadyTasksLists
                0x008007ac       0x24 ./FreeRTOS/FreeRTOS/Src/tasks.o
 .bss.xDelayedTaskList1
                0x008007d0        0x9 ./FreeRTOS/FreeRTOS/Src/tasks.o
 .bss.xDelayedTaskList2
                0x008007d9        0x9 ./FreeRTOS/FreeRTOS/Src/tasks.o
 .bss.pxDelayedTaskList
                0x008007e2        0x2 ./FreeRTOS/FreeRTOS/Src/tasks.o
 .bss.pxOverflowDelayedTaskList
                0x008007e4        0x2 ./FreeRTOS/FreeRTOS/Src/tasks.o
 .bss.xPendingReadyList
                0x008007e6        0x9 ./FreeRTOS/FreeRTOS/Src/tasks.o
 .bss.xTasksWaitingTermination
                0x008007ef        0x9 ./FreeRTOS/FreeRTOS/Src/tasks.o
 .bss.STATUS    0x008007f8        0x1 ./main.o
                0x008007f8                STATUS
 *(COMMON)
 COMMON         0x008007f9        0x2 ./main.o
                0x008007f9                bsRes
                0x008007fb                PROVIDE (__bss_end, .)
                0x00005dac                __data_load_start = LOADADDR (.data)
                0x00005ecc                __data_load_end = (__data_load_start + SIZEOF (.data))

.noinit         0x008007fb        0x0
                0x008007fb                PROVIDE (__noinit_start, .)
 *(.noinit*)
                0x008007fb                PROVIDE (__noinit_end, .)
                0x008007fb                _end = .
                0x008007fb                PROVIDE (__heap_start, .)

.eeprom         0x00810000        0x0
 *(.eeprom*)
                0x00810000                __eeprom_end = .

.fuse
 *(.fuse)
 *(.lfuse)
 *(.hfuse)
 *(.efuse)

.lock
 *(.lock*)

.signature
 *(.signature*)

.stab           0x00000000     0x72cc
 *(.stab)
 .stab          0x00000000      0x8a0 ./FreeRTOS/FreeRTOS/Src/PollQ.o
 .stab          0x000008a0      0x894 ./FreeRTOS/FreeRTOS/Src/croutine.o
                                0xbc4 (size before relaxing)
 .stab          0x00001134      0xc54 ./FreeRTOS/FreeRTOS/Src/event_groups.o
                               0x1014 (size before relaxing)
 .stab          0x00001d88      0x30c ./FreeRTOS/FreeRTOS/Src/heap_1.o
                                0x6cc (size before relaxing)
 .stab          0x00002094      0x3a8 ./FreeRTOS/FreeRTOS/Src/integer.o
                                0x768 (size before relaxing)
 .stab          0x0000243c      0x474 ./FreeRTOS/FreeRTOS/Src/list.o
                                0x780 (size before relaxing)
 .stab          0x000028b0      0x840 ./FreeRTOS/FreeRTOS/Src/port.o
                                0xbf4 (size before relaxing)
 .stab          0x000030f0     0x183c ./FreeRTOS/FreeRTOS/Src/queue.o
                               0x1c68 (size before relaxing)
 .stab          0x0000492c     0x17a0 ./FreeRTOS/FreeRTOS/Src/tasks.o
                               0x1b90 (size before relaxing)
 .stab          0x000060cc      0x75c ./SmartHome.o
                                0x918 (size before relaxing)
 .stab          0x00006828      0x3c0 ./USART_RS232_C_file.o
                                0x57c (size before relaxing)
 .stab          0x00006be8      0x378 ./main.o
                                0x780 (size before relaxing)
 .stab          0x00006f60      0x36c ./uart.o
                                0x528 (size before relaxing)

.stabstr        0x00000000     0x3846
 *(.stabstr)
 .stabstr       0x00000000     0x3846 ./FreeRTOS/FreeRTOS/Src/PollQ.o

.stab.excl
 *(.stab.excl)

.stab.exclstr
 *(.stab.exclstr)

.stab.index
 *(.stab.index)

.stab.indexstr
 *(.stab.indexstr)

.comment
 *(.comment)

.debug
 *(.debug)

.line
 *(.line)

.debug_srcinfo
 *(.debug_srcinfo)

.debug_sfnames
 *(.debug_sfnames)

.debug_aranges  0x00000000      0x140
 *(.debug_aranges)
 .debug_aranges
                0x00000000       0x20 c:/winavr-20100110/bin/../lib/gcc/avr/4.3.3/avr5\libgcc.a(_fixunssfsi.o)
 .debug_aranges
                0x00000020       0x20 c:/winavr-20100110/bin/../lib/gcc/avr/4.3.3/avr5\libgcc.a(_addsub_sf.o)
 .debug_aranges
                0x00000040       0x20 c:/winavr-20100110/bin/../lib/gcc/avr/4.3.3/avr5\libgcc.a(_mul_sf.o)
 .debug_aranges
                0x00000060       0x20 c:/winavr-20100110/bin/../lib/gcc/avr/4.3.3/avr5\libgcc.a(_gt_sf.o)
 .debug_aranges
                0x00000080       0x20 c:/winavr-20100110/bin/../lib/gcc/avr/4.3.3/avr5\libgcc.a(_ge_sf.o)
 .debug_aranges
                0x000000a0       0x20 c:/winavr-20100110/bin/../lib/gcc/avr/4.3.3/avr5\libgcc.a(_lt_sf.o)
 .debug_aranges
                0x000000c0       0x20 c:/winavr-20100110/bin/../lib/gcc/avr/4.3.3/avr5\libgcc.a(_sf_to_si.o)
 .debug_aranges
                0x000000e0       0x20 c:/winavr-20100110/bin/../lib/gcc/avr/4.3.3/avr5\libgcc.a(_pack_sf.o)
 .debug_aranges
                0x00000100       0x20 c:/winavr-20100110/bin/../lib/gcc/avr/4.3.3/avr5\libgcc.a(_unpack_sf.o)
 .debug_aranges
                0x00000120       0x20 c:/winavr-20100110/bin/../lib/gcc/avr/4.3.3/avr5\libgcc.a(_fpcmp_parts_sf.o)

.debug_pubnames
                0x00000000      0x170
 *(.debug_pubnames)
 .debug_pubnames
                0x00000000       0x23 c:/winavr-20100110/bin/../lib/gcc/avr/4.3.3/avr5\libgcc.a(_fixunssfsi.o)
 .debug_pubnames
                0x00000023       0x2c c:/winavr-20100110/bin/../lib/gcc/avr/4.3.3/avr5\libgcc.a(_addsub_sf.o)
 .debug_pubnames
                0x0000004f       0x1f c:/winavr-20100110/bin/../lib/gcc/avr/4.3.3/avr5\libgcc.a(_mul_sf.o)
 .debug_pubnames
                0x0000006e       0x1e c:/winavr-20100110/bin/../lib/gcc/avr/4.3.3/avr5\libgcc.a(_gt_sf.o)
 .debug_pubnames
                0x0000008c       0x1e c:/winavr-20100110/bin/../lib/gcc/avr/4.3.3/avr5\libgcc.a(_ge_sf.o)
 .debug_pubnames
                0x000000aa       0x1e c:/winavr-20100110/bin/../lib/gcc/avr/4.3.3/avr5\libgcc.a(_lt_sf.o)
 .debug_pubnames
                0x000000c8       0x20 c:/winavr-20100110/bin/../lib/gcc/avr/4.3.3/avr5\libgcc.a(_sf_to_si.o)
 .debug_pubnames
                0x000000e8       0x22 c:/winavr-20100110/bin/../lib/gcc/avr/4.3.3/avr5\libgcc.a(_thenan_sf.o)
 .debug_pubnames
                0x0000010a       0x1f c:/winavr-20100110/bin/../lib/gcc/avr/4.3.3/avr5\libgcc.a(_pack_sf.o)
 .debug_pubnames
                0x00000129       0x21 c:/winavr-20100110/bin/../lib/gcc/avr/4.3.3/avr5\libgcc.a(_unpack_sf.o)
 .debug_pubnames
                0x0000014a       0x26 c:/winavr-20100110/bin/../lib/gcc/avr/4.3.3/avr5\libgcc.a(_fpcmp_parts_sf.o)

.debug_info     0x00000000     0x1c49
 *(.debug_info)
 .debug_info    0x00000000       0xb1 c:/winavr-20100110/bin/../lib/gcc/avr/4.3.3/avr5\libgcc.a(_fixunssfsi.o)
 .debug_info    0x000000b1      0x47a c:/winavr-20100110/bin/../lib/gcc/avr/4.3.3/avr5\libgcc.a(_addsub_sf.o)
 .debug_info    0x0000052b      0x485 c:/winavr-20100110/bin/../lib/gcc/avr/4.3.3/avr5\libgcc.a(_mul_sf.o)
 .debug_info    0x000009b0      0x27f c:/winavr-20100110/bin/../lib/gcc/avr/4.3.3/avr5\libgcc.a(_gt_sf.o)
 .debug_info    0x00000c2f      0x27f c:/winavr-20100110/bin/../lib/gcc/avr/4.3.3/avr5\libgcc.a(_ge_sf.o)
 .debug_info    0x00000eae      0x27f c:/winavr-20100110/bin/../lib/gcc/avr/4.3.3/avr5\libgcc.a(_lt_sf.o)
 .debug_info    0x0000112d      0x2b0 c:/winavr-20100110/bin/../lib/gcc/avr/4.3.3/avr5\libgcc.a(_sf_to_si.o)
 .debug_info    0x000013dd      0x12c c:/winavr-20100110/bin/../lib/gcc/avr/4.3.3/avr5\libgcc.a(_thenan_sf.o)
 .debug_info    0x00001509      0x2df c:/winavr-20100110/bin/../lib/gcc/avr/4.3.3/avr5\libgcc.a(_pack_sf.o)
 .debug_info    0x000017e8      0x251 c:/winavr-20100110/bin/../lib/gcc/avr/4.3.3/avr5\libgcc.a(_unpack_sf.o)
 .debug_info    0x00001a39      0x210 c:/winavr-20100110/bin/../lib/gcc/avr/4.3.3/avr5\libgcc.a(_fpcmp_parts_sf.o)
 *(.gnu.linkonce.wi.*)

.debug_abbrev   0x00000000      0xeeb
 *(.debug_abbrev)
 .debug_abbrev  0x00000000       0x5d c:/winavr-20100110/bin/../lib/gcc/avr/4.3.3/avr5\libgcc.a(_fixunssfsi.o)
 .debug_abbrev  0x0000005d      0x1ea c:/winavr-20100110/bin/../lib/gcc/avr/4.3.3/avr5\libgcc.a(_addsub_sf.o)
 .debug_abbrev  0x00000247      0x21b c:/winavr-20100110/bin/../lib/gcc/avr/4.3.3/avr5\libgcc.a(_mul_sf.o)
 .debug_abbrev  0x00000462      0x15a c:/winavr-20100110/bin/../lib/gcc/avr/4.3.3/avr5\libgcc.a(_gt_sf.o)
 .debug_abbrev  0x000005bc      0x15a c:/winavr-20100110/bin/../lib/gcc/avr/4.3.3/avr5\libgcc.a(_ge_sf.o)
 .debug_abbrev  0x00000716      0x15a c:/winavr-20100110/bin/../lib/gcc/avr/4.3.3/avr5\libgcc.a(_lt_sf.o)
 .debug_abbrev  0x00000870      0x17f c:/winavr-20100110/bin/../lib/gcc/avr/4.3.3/avr5\libgcc.a(_sf_to_si.o)
 .debug_abbrev  0x000009ef       0xad c:/winavr-20100110/bin/../lib/gcc/avr/4.3.3/avr5\libgcc.a(_thenan_sf.o)
 .debug_abbrev  0x00000a9c      0x1c0 c:/winavr-20100110/bin/../lib/gcc/avr/4.3.3/avr5\libgcc.a(_pack_sf.o)
 .debug_abbrev  0x00000c5c      0x154 c:/winavr-20100110/bin/../lib/gcc/avr/4.3.3/avr5\libgcc.a(_unpack_sf.o)
 .debug_abbrev  0x00000db0      0x13b c:/winavr-20100110/bin/../lib/gcc/avr/4.3.3/avr5\libgcc.a(_fpcmp_parts_sf.o)

.debug_line     0x00000000      0xdad
 *(.debug_line)
 .debug_line    0x00000000       0xa7 c:/winavr-20100110/bin/../lib/gcc/avr/4.3.3/avr5\libgcc.a(_fixunssfsi.o)
 .debug_line    0x000000a7      0x2af c:/winavr-20100110/bin/../lib/gcc/avr/4.3.3/avr5\libgcc.a(_addsub_sf.o)
 .debug_line    0x00000356      0x239 c:/winavr-20100110/bin/../lib/gcc/avr/4.3.3/avr5\libgcc.a(_mul_sf.o)
 .debug_line    0x0000058f       0xd3 c:/winavr-20100110/bin/../lib/gcc/avr/4.3.3/avr5\libgcc.a(_gt_sf.o)
 .debug_line    0x00000662       0xd3 c:/winavr-20100110/bin/../lib/gcc/avr/4.3.3/avr5\libgcc.a(_ge_sf.o)
 .debug_line    0x00000735       0xd3 c:/winavr-20100110/bin/../lib/gcc/avr/4.3.3/avr5\libgcc.a(_lt_sf.o)
 .debug_line    0x00000808      0x109 c:/winavr-20100110/bin/../lib/gcc/avr/4.3.3/avr5\libgcc.a(_sf_to_si.o)
 .debug_line    0x00000911       0x90 c:/winavr-20100110/bin/../lib/gcc/avr/4.3.3/avr5\libgcc.a(_thenan_sf.o)
 .debug_line    0x000009a1      0x18a c:/winavr-20100110/bin/../lib/gcc/avr/4.3.3/avr5\libgcc.a(_pack_sf.o)
 .debug_line    0x00000b2b      0x14b c:/winavr-20100110/bin/../lib/gcc/avr/4.3.3/avr5\libgcc.a(_unpack_sf.o)
 .debug_line    0x00000c76      0x137 c:/winavr-20100110/bin/../lib/gcc/avr/4.3.3/avr5\libgcc.a(_fpcmp_parts_sf.o)

.debug_frame    0x00000000      0x160
 *(.debug_frame)
 .debug_frame   0x00000000       0x20 c:/winavr-20100110/bin/../lib/gcc/avr/4.3.3/avr5\libgcc.a(_fixunssfsi.o)
 .debug_frame   0x00000020       0x40 c:/winavr-20100110/bin/../lib/gcc/avr/4.3.3/avr5\libgcc.a(_addsub_sf.o)
 .debug_frame   0x00000060       0x20 c:/winavr-20100110/bin/../lib/gcc/avr/4.3.3/avr5\libgcc.a(_mul_sf.o)
 .debug_frame   0x00000080       0x20 c:/winavr-20100110/bin/../lib/gcc/avr/4.3.3/avr5\libgcc.a(_gt_sf.o)
 .debug_frame   0x000000a0       0x20 c:/winavr-20100110/bin/../lib/gcc/avr/4.3.3/avr5\libgcc.a(_ge_sf.o)
 .debug_frame   0x000000c0       0x20 c:/winavr-20100110/bin/../lib/gcc/avr/4.3.3/avr5\libgcc.a(_lt_sf.o)
 .debug_frame   0x000000e0       0x20 c:/winavr-20100110/bin/../lib/gcc/avr/4.3.3/avr5\libgcc.a(_sf_to_si.o)
 .debug_frame   0x00000100       0x20 c:/winavr-20100110/bin/../lib/gcc/avr/4.3.3/avr5\libgcc.a(_pack_sf.o)
 .debug_frame   0x00000120       0x20 c:/winavr-20100110/bin/../lib/gcc/avr/4.3.3/avr5\libgcc.a(_unpack_sf.o)
 .debug_frame   0x00000140       0x20 c:/winavr-20100110/bin/../lib/gcc/avr/4.3.3/avr5\libgcc.a(_fpcmp_parts_sf.o)

.debug_str      0x00000000      0x28d
 *(.debug_str)
 .debug_str     0x00000000       0xbf c:/winavr-20100110/bin/../lib/gcc/avr/4.3.3/avr5\libgcc.a(_fixunssfsi.o)
                                 0xfe (size before relaxing)
 .debug_str     0x000000bf      0x14d c:/winavr-20100110/bin/../lib/gcc/avr/4.3.3/avr5\libgcc.a(_addsub_sf.o)
                                0x206 (size before relaxing)
 .debug_str     0x0000020c       0x27 c:/winavr-20100110/bin/../lib/gcc/avr/4.3.3/avr5\libgcc.a(_mul_sf.o)
                                0x1bf (size before relaxing)
 .debug_str     0x00000233        0xf c:/winavr-20100110/bin/../lib/gcc/avr/4.3.3/avr5\libgcc.a(_gt_sf.o)
                                0x195 (size before relaxing)
 .debug_str     0x00000242        0x8 c:/winavr-20100110/bin/../lib/gcc/avr/4.3.3/avr5\libgcc.a(_ge_sf.o)
                                0x195 (size before relaxing)
 .debug_str     0x0000024a        0x8 c:/winavr-20100110/bin/../lib/gcc/avr/4.3.3/avr5\libgcc.a(_lt_sf.o)
                                0x195 (size before relaxing)
 .debug_str     0x00000252        0xa c:/winavr-20100110/bin/../lib/gcc/avr/4.3.3/avr5\libgcc.a(_sf_to_si.o)
                                0x19e (size before relaxing)
 .debug_str     0x00000000      0x103 c:/winavr-20100110/bin/../lib/gcc/avr/4.3.3/avr5\libgcc.a(_thenan_sf.o)
 .debug_str     0x0000025c       0x16 c:/winavr-20100110/bin/../lib/gcc/avr/4.3.3/avr5\libgcc.a(_pack_sf.o)
                                0x19d (size before relaxing)
 .debug_str     0x00000272        0xb c:/winavr-20100110/bin/../lib/gcc/avr/4.3.3/avr5\libgcc.a(_unpack_sf.o)
                                0x17f (size before relaxing)
 .debug_str     0x0000027d       0x10 c:/winavr-20100110/bin/../lib/gcc/avr/4.3.3/avr5\libgcc.a(_fpcmp_parts_sf.o)
                                0x163 (size before relaxing)

.debug_loc      0x00000000      0x7ce
 *(.debug_loc)
 .debug_loc     0x00000000       0x34 c:/winavr-20100110/bin/../lib/gcc/avr/4.3.3/avr5\libgcc.a(_fixunssfsi.o)
 .debug_loc     0x00000034      0x32a c:/winavr-20100110/bin/../lib/gcc/avr/4.3.3/avr5\libgcc.a(_addsub_sf.o)
 .debug_loc     0x0000035e      0x104 c:/winavr-20100110/bin/../lib/gcc/avr/4.3.3/avr5\libgcc.a(_mul_sf.o)
 .debug_loc     0x00000462       0x3c c:/winavr-20100110/bin/../lib/gcc/avr/4.3.3/avr5\libgcc.a(_gt_sf.o)
 .debug_loc     0x0000049e       0x3c c:/winavr-20100110/bin/../lib/gcc/avr/4.3.3/avr5\libgcc.a(_ge_sf.o)
 .debug_loc     0x000004da       0x3c c:/winavr-20100110/bin/../lib/gcc/avr/4.3.3/avr5\libgcc.a(_lt_sf.o)
 .debug_loc     0x00000516       0x7e c:/winavr-20100110/bin/../lib/gcc/avr/4.3.3/avr5\libgcc.a(_sf_to_si.o)
 .debug_loc     0x00000594      0x13e c:/winavr-20100110/bin/../lib/gcc/avr/4.3.3/avr5\libgcc.a(_pack_sf.o)
 .debug_loc     0x000006d2       0xac c:/winavr-20100110/bin/../lib/gcc/avr/4.3.3/avr5\libgcc.a(_unpack_sf.o)
 .debug_loc     0x0000077e       0x50 c:/winavr-20100110/bin/../lib/gcc/avr/4.3.3/avr5\libgcc.a(_fpcmp_parts_sf.o)

.debug_macinfo
 *(.debug_macinfo)
OUTPUT(test_uart.elf elf32-avr)
LOAD linker stubs

.debug_ranges   0x00000000       0x50
 .debug_ranges  0x00000000       0x50 c:/winavr-20100110/bin/../lib/gcc/avr/4.3.3/avr5\libgcc.a(_mul_sf.o)
